(---------------------------------------------------------------------)
(                                                                     )
(    Allegro Netrev Import Logic                                      )
(                                                                     )
(    Drawing          : msd_foot_ext1.brd                             )
(    Software Version : 17.2S067                                      )
(    Date/Time        : Sat Oct 03 11:18:19 2020                      )
(                                                                     )
(---------------------------------------------------------------------)


------ Directives ------------

Ripup etch:                  No
Ripup delete first segment:  No
Ripup retain bondwire:       No
Ripup symbols:               Always
Missing symbol has error:    No
DRC update:                  Yes
Schematic directory:         'C:\USERS\ETHAN\PROJECTS\MSD-LOWER-EXTREMITY-WEIGHT-BEARING-MONITOR-ORTHOTIC\ELECTRONICS\EXTENSTION_1\allegro'
Design Directory:            'C:/Users/Ethan/Projects/MSD-Lower-Extremity-Weight-Bearing-Monitor-Orthotic/electronics/extenstion_1/layout'
Old design name:             'C:/Users/Ethan/Projects/MSD-Lower-Extremity-Weight-Bearing-Monitor-Orthotic/electronics/extenstion_1/layout/msd_foot_ext1.brd'
New design name:             'C:/Users/Ethan/Projects/MSD-Lower-Extremity-Weight-Bearing-Monitor-Orthotic/electronics/extenstion_1/layout/msd_foot_ext1.brd'

CmdLine: netrev.exe -y 1 -n -i C:\USERS\ETHAN\PROJECTS\MSD-LOWER-EXTREMITY-WEIGHT-BEARING-MONITOR-ORTHOTIC\ELECTRONICS\EXTENSTION_1\allegro C:\Users\Ethan\Projects\MSD-Lower-Extremity-Weight-Bearing-Monitor-Orthotic\electronics\extenstion_1\layout\msd_foot_ext1.brd C:\Users\Ethan\Projects\MSD-Lower-Extremity-Weight-Bearing-Monitor-Orthotic\electronics\extenstion_1\layout\msd_foot_ext1.brd

------ Preparing to read pst files ------

Starting to read C:/USERS/ETHAN/PROJECTS/MSD-LOWER-EXTREMITY-WEIGHT-BEARING-MONITOR-ORTHOTIC/ELECTRONICS/EXTENSTION_1/allegro/pstchip.dat 
   Finished reading C:/USERS/ETHAN/PROJECTS/MSD-LOWER-EXTREMITY-WEIGHT-BEARING-MONITOR-ORTHOTIC/ELECTRONICS/EXTENSTION_1/allegro/pstchip.dat (00:00:00.02)
Starting to read C:/USERS/ETHAN/PROJECTS/MSD-LOWER-EXTREMITY-WEIGHT-BEARING-MONITOR-ORTHOTIC/ELECTRONICS/EXTENSTION_1/allegro/pstxprt.dat 
   Finished reading C:/USERS/ETHAN/PROJECTS/MSD-LOWER-EXTREMITY-WEIGHT-BEARING-MONITOR-ORTHOTIC/ELECTRONICS/EXTENSTION_1/allegro/pstxprt.dat (00:00:00.00)
Starting to read C:/USERS/ETHAN/PROJECTS/MSD-LOWER-EXTREMITY-WEIGHT-BEARING-MONITOR-ORTHOTIC/ELECTRONICS/EXTENSTION_1/allegro/pstxnet.dat 
   Finished reading C:/USERS/ETHAN/PROJECTS/MSD-LOWER-EXTREMITY-WEIGHT-BEARING-MONITOR-ORTHOTIC/ELECTRONICS/EXTENSTION_1/allegro/pstxnet.dat (00:00:00.00)

------ Oversights/Warnings/Errors ------


------ Library Paths ------
MODULEPATH =  . 
           C:/Cadence/SPB_17.2/share/local/pcb/modules 

PSMPATH =  . 
           symbols 
           .. 
           ../symbols 
           C:/Cadence/SPB_17.2/share/local/pcb/symbols 
           C:/Cadence/SPB_17.2/share/pcb/pcb_lib/symbols 
           C:/Cadence/SPB_17.2/share/pcb/allegrolib/symbols 
           C:/Users/Ethan/Projects/MSD-Lower-Extremity-Weight-Bearing-Monitor-Orthotic/electronics/custom_parts/layout 

PADPATH =  . 
           symbols 
           .. 
           ../symbols 
           C:/Cadence/SPB_17.2/share/local/pcb/padstacks 
           C:/Cadence/SPB_17.2/share/pcb/pcb_lib/symbols 
           C:/Cadence/SPB_17.2/share/pcb/allegrolib/symbols 
           C:/Users/Ethan/Projects/MSD-Lower-Extremity-Weight-Bearing-Monitor-Orthotic/electronics/custom_parts/layout 


------ Summary Statistics ------


netrev run on Oct 3 11:18:19 2020
   DESIGN NAME : 'MSD_FOOT_EXT1'
   PACKAGING ON Apr 26 2020 05:36:08

   COMPILE 'logic'
   CHECK_PIN_NAMES OFF
   CROSS_REFERENCE OFF
   FEEDBACK OFF
   INCREMENTAL OFF
   INTERFACE_TYPE PHYSICAL
   MAX_ERRORS 500
   MERGE_MINIMUM 5
   NET_NAME_CHARS '#%&()*+-./:=>?@[]^_`|'
   NET_NAME_LENGTH 24
   OVERSIGHTS ON
   REPLACE_CHECK OFF
   SINGLE_NODE_NETS ON
   SPLIT_MINIMUM 0
   SUPPRESS   20
   WARNINGS ON

 No error detected
 No oversight detected
 No warning detected

cpu time      0:00:55
elapsed time  0:00:00

